
> recruit-sphere@0.1.0 build
> next build


> Build error occurred
Error: Configuring Next.js via 'next.config.ts' is not supported. Please replace the file with 'next.config.js' or 'next.config.mjs'.
    at loadConfig (D:\Placement\Projects\Recruit_Sphere\node_modules\next\dist\server\config.js:787:19)
    at async Span.traceAsyncFn (D:\Placement\Projects\Recruit_Sphere\node_modules\next\dist\trace\trace.js:154:20)
    at async D:\Placement\Projects\Recruit_Sphere\node_modules\next\dist\build\index.js:372:28
    at async Span.traceAsyncFn (D:\Placement\Projects\Recruit_Sphere\node_modules\next\dist\trace\trace.js:154:20)
    at async build (D:\Placement\Projects\Recruit_Sphere\node_modules\next\dist\build\index.js:366:9)
