
> recruit-sphere@0.1.0 build
> next build

Γû▓ Next.js 16.1.6 (Turbopack)

  Creating an optimized production build ...
Γ£ô Compiled successfully in 9.0s
  Running TypeScript ...
  Collecting page data using 7 workers ...
  Generating static pages using 7 workers (0/13) ...
node.exe : Error occurred prerendering page "/jobs". 
Read more: 
https://nextjs.org/docs/messages/prerender-error
At line:1 char:1
+ & "C:\Program Files\nodejs/node.exe" 
"C:\Users\HP\AppData\Roaming\npm ...
+ ~~~~~~~~~~~~~~~~~~~~~~~~~~~~~~~~~~~~~~~~~~~~~~~~~~~
~~~~~~~~~~~~~~~~~~
    + CategoryInfo          : NotSpecified: (Error o 
   ccurred ...prerender-error:String) [], RemoteExc  
  eption
    + FullyQualifiedErrorId : NativeCommandError
 
Error: Event handlers cannot be passed to Client 
Component props.
  {className: ..., onClick: function onClick, 
children: ...}
                            ^^^^^^^^^^^^^^^^
If you need interactivity, consider converting part 
of this to a Client Component.
    at stringify (<anonymous>) {
  digest: '2714191304'
}
Export encountered an error on 
/(dashboard)/jobs/page: /jobs, exiting the build.
Γ¿» Next.js build worker exited with code: 1 and 
signal: null
